44397701926272518941700297619120621435221006858796662881497461855239615853906
5
57
