89880192937653710598380335437431847203866094229526865542213091600506423557627
4
1227
