91461769394684063230410546004684083346491234956006074818403671954991458613297
7
1731
